// Jest Snapshot v1, https://goo.gl/fbAQLP

exports[`renders App 1`] = `
<DocumentFragment>
  <div
    class="Section__container___3YYTG"
  >
    <div
      class="Form__formContainer___1GA3x"
    >
      <div
        class="Form__formSection___1PPvW"
      >
        <div
          class="Section__sectionBody___ihqqd"
        >
          Loading...
        </div>
      </div>
    </div>
  </div>
</DocumentFragment>
`;

exports[`renders Header 1`] = `
<DocumentFragment>
  <div
    class="makeStyles-root-1"
  >
    <header
      class="MuiPaper-root MuiAppBar-root MuiAppBar-positionStatic MuiAppBar-colorPrimary MuiPaper-elevation4"
    >
      <div
        class="MuiToolbar-root MuiToolbar-regular MuiToolbar-gutters"
      >
        <h6
          class="MuiTypography-root makeStyles-title-2 MuiTypography-h6"
        >
          Trener Bot
        </h6>
        <button
          class="MuiButtonBase-root MuiButton-root MuiButton-text MuiButton-colorInherit"
          tabindex="0"
          type="button"
        >
          <span
            class="MuiButton-label"
          >
            Logout
          </span>
          <span
            class="MuiTouchRipple-root"
          />
        </button>
      </div>
    </header>
  </div>
</DocumentFragment>
`;
